2026-08-29 15:32:18 | user=admin | action=LOGIN | target=admin | details=user login
2026-08-29 15:37:53 | user=admin | action=LOGIN | target=admin | details=user login
2026-08-29 15:54:21 | user=admin | action=LOGIN | target=admin | details=user login
2026-08-29 16:42:54 | user=(none) | action=ADD_USER | target=6666 | details=registered
2026-08-29 16:43:18 | user=(none) | action=ADD_USER | target=666666 | details=registered
2026-08-29 16:43:23 | user=666666 | action=LOGIN | target=666666 | details=user login
2026-08-29 16:43:25 | user=666666 | action=LOGOUT | target=666666 | details=user logout
2026-08-29 16:43:32 | user=666666 | action=LOGIN | target=666666 | details=user login
2026-08-29 16:44:55 | user=666666 | action=ADD_CAR | target=666666 | details=666666
2026-09-03 20:27:07 | user=admin | action=LOGIN | target=admin | details=user login
2026-09-03 20:28:42 | user=admin | action=ADD_POLICY | target=123123 | details=≥µÀœ’
2026-09-03 20:32:14 | user=admin | action=ADD_CAR | target=555555 | details=nhr
2026-09-04 19:24:53 | user=(none) | action=LOGOUT | target= | details=user logout
2026-09-04 19:55:21 | user=(none) | action=ADD_USER | target=xyy | details=registered
2026-09-04 19:55:29 | user=xyy | action=LOGIN | target=xyy | details=user login
2026-09-04 19:56:04 | user=xyy | action=ADD_CAR | target=666 | details=xyy
2026-09-04 19:56:53 | user=xyy | action=MODIFY_CAR | target=666 | details=modified
2026-09-04 19:57:17 | user=xyy | action=ADD_POLICY | target=666 | details=≥µÀœ’
2026-09-04 19:57:59 | user=xyy | action=ADD_CLAIM | target=666 | details=666
2026-09-04 19:58:12 | user=xyy | action=SETTLE_CLAIM | target=666 | details=settled
2026-09-04 22:55:48 | user=admin | action=LOGIN | target=admin | details=user login
2026-09-04 22:58:34 | user=(none) | action=ADD_USER | target=nhr | details=registered
2026-09-04 22:58:40 | user=nhr | action=LOGIN | target=nhr | details=user login
2026-09-06 20:38:23 | user=nhr | action=LOGIN | target=nhr | details=user login
2026-09-06 20:39:59 | user=nhr | action=ADD_CLAIM | target=666666 | details=Œﬁ
2026-09-06 20:42:01 | user=nhr | action=ADD_CAR | target=456456 | details=nhr
2026-09-10 18:15:01 | user=(none) | action=ADD_USER | target=nhr | details=registered
2026-09-10 18:15:11 | user=nhr | action=LOGIN | target=nhr | details=user login
2026-09-10 18:20:19 | user=nhr | action=LOGIN | target=nhr | details=user login
2026-09-10 18:21:33 | user=nhr | action=ADD_CAR | target=U-77777 | details=nhr
2026-09-10 18:45:20 | user=nhr | action=LOGIN | target=nhr | details=user login
2026-09-10 18:46:11 | user=nhr | action=ADD_POLICY | target=121212 | details=≤£¡ßœ’
2026-09-10 19:04:13 | user=nhr | action=LOGIN | target=nhr | details=user login
2026-09-10 19:04:47 | user=nhr | action=ADD_CAR | target=∂ıA12345 | details=nhr
2026-09-10 19:33:22 | user=admin | action=LOGIN | target=admin | details=user login
2026-09-10 21:45:30 | user=nhr | action=LOGIN | target=nhr | details=user login
2036-09-10 21:47:28 | user=nhr | action=LOGIN | target=nhr | details=user login
2026-09-10 21:48:49 | user=nhr | action=LOGIN | target=nhr | details=user login
2026-09-10 22:04:02 | user=nhr | action=LOGIN | target=nhr | details=user login
2026-09-10 22:39:11 | user=nhr | action=LOGIN | target=nhr | details=user login
2026-09-10 23:12:47 | user=admin | action=LOGIN | target=admin | details=user login
2026-09-10 23:13:04 | user=admin | action=LOGOUT | target=admin | details=user logout
2026-09-10 23:13:17 | user=nhr | action=LOGIN | target=nhr | details=user login
2026-09-10 23:18:48 | user=nhr | action=LOGIN | target=nhr | details=user login
2026-09-10 23:19:08 | user=admin | action=LOGIN | target=admin | details=user login
2026-09-10 23:20:29 | user=admin | action=LOGIN | target=admin | details=user login
2026-09-10 23:20:53 | user=admin | action=LOGIN | target=admin | details=user login
2026-09-10 23:20:58 | user=admin | action=LOGOUT | target=admin | details=user logout
2026-09-10 23:21:03 | user=nhr | action=LOGIN | target=nhr | details=user login
2026-09-11 19:37:36 | user=admin | action=LOGIN | target=admin | details=user login
2026-09-11 19:37:44 | user=admin | action=DELETE_USER | target=nhr | details=user removed with related data
2026-09-11 20:48:49 | user=admin | action=LOGIN | target=admin | details=user login
2026-09-11 21:29:30 | user=admin | action=LOGIN | target=admin | details=user login
2026-09-11 21:29:54 | user=admin | action=LOGIN | target=admin | details=user login
2026-09-11 22:49:37 | user=admin | action=LOGIN | target=admin | details=user login
2026-09-11 22:50:14 | user=admin | action=LOGOUT | target=admin | details=user logout
2026-09-11 22:50:47 | user=(none) | action=ADD_USER | target=nhr | details=registered
2026-09-11 22:50:54 | user=nhr | action=LOGIN | target=nhr | details=user login
2026-09-11 22:51:28 | user=nhr | action=ADD_CAR | target=æ©A12345 | details=nhr
2026-09-11 22:53:34 | user=nhr | action=LOGIN | target=nhr | details=user login
2026-09-11 22:59:56 | user=admin | action=LOGIN | target=admin | details=user login
2026-09-11 23:00:12 | user=nhr | action=LOGIN | target=nhr | details=user login
2026-09-11 23:04:09 | user=nhr | action=LOGIN | target=nhr | details=user login
2026-09-11 23:05:02 | user=nhr | action=LOGIN | target=nhr | details=user login
2026-09-11 23:34:39 | user=nhr | action=LOGIN | target=nhr | details=user login
2026-09-11 23:34:57 | user=nhr | action=ADD_POLICY | target=1 | details=≥µÀœ’
2026-11-11 23:36:08 | user=admin | action=LOGIN | target=admin | details=user login
2026-11-11 23:36:26 | user=admin | action=LOGOUT | target=admin | details=user logout
2026-11-11 23:36:32 | user=nhr | action=LOGIN | target=nhr | details=user login
2026-11-11 23:36:43 | user=nhr | action=ADD_CLAIM | target=1 | details=1
2026-11-11 23:36:45 | user=nhr | action=LOGOUT | target=nhr | details=user logout
2026-11-11 23:36:52 | user=admin | action=LOGIN | target=admin | details=user login
2026-11-11 23:38:09 | user=admin | action=REVIEW_CLAIM | target=1 | details=approved
2026-11-11 23:39:40 | user=admin | action=LOGIN | target=admin | details=user login
2026-11-11 23:39:54 | user=admin | action=SETTLE_CLAIM | target=1 | details=settled by admin
